// Jest Snapshot v1, https://goo.gl/fbAQLP

exports[`maps to graphviz dot format 1`] = `
"
digraph {
  overlap=scalexy;
  splines=true;
  layout=neato;

\\"@ahmdigital/ui\\" -> \\"ahm-sales\\";
\\"@ahmdigital/ui\\" -> \\"ahm-members\\";
\\"@ahmdigital/constants\\" -> \\"ahm-members\\";
\\"@ahmdigital/eslint-config\\" -> \\"ahm-members\\" [style=\\"dashed\\"];
\\"ahm-sales\\" [label=\\"ahm-sales

renovate: 2
camjc: 1\\"];
\\"ahm-members\\" [label=\\"ahm-members

\\"];
}"
`;
